// Jest Snapshot v1, https://goo.gl/fbAQLP

exports[`Register should render a Register component 1`] = `
<Layout>
  <div
    style={
      Object {
        "margin": "50px auto",
        "maxWidth": "420px",
        "padding": "20px",
      }
    }
  >
    <h2>
      Edit profile
    </h2>
    <Form
      inline={false}
      onSubmit={[Function]}
    >
      <FormGroup
        controlId="formGroupname"
      >
        <FormLabel
          column={false}
          srOnly={false}
        >
          Name
        </FormLabel>
        <FormControl
          name="name"
          onChange={[Function]}
          placeholder="Enter name"
          value="test name"
        />
      </FormGroup>
      <FormGroup
        controlId="formGroupsurname"
      >
        <FormLabel
          column={false}
          srOnly={false}
        >
          Surname
        </FormLabel>
        <FormControl
          name="surname"
          onChange={[Function]}
          placeholder="Enter surname"
          value="test surname"
        />
      </FormGroup>
      <Button
        active={false}
        className="submitButton"
        disabled={false}
        type="submit"
        variant="primary"
      >
        Save
      </Button>
      <Button
        active={false}
        className="float-right logoutButton"
        disabled={false}
        onClick={[Function]}
        type="button"
        variant="secondary"
      >
        Logout
      </Button>
    </Form>
  </div>
</Layout>
`;
